Data Analysis Calculations of the Penguin CSV File

What is the average body mass of all female Adelie penguins in Dream island?
avg1 test

What is the average bill length of and max flipper length of penguins in 2007?
avg2 test